Second 0
First 1
First 1
Second 0
Second 0
Second 0
First 1
First 1
First 1
First 1
First 1
First 1
First 1
First 1
Second 0
Second 0
First 2
First 2
First 2
First 1
First 1
First 1
First 1
Second 0
First 1
First 1
First 1
First 2
First 1
First 1
First 1
Second 0
Second 0
First 1
First 1
First 2
First 1
First 1
First 1
First 1
First 1
First 1
Second 0
Second 0
First 1
First 1
First 2
First 1
First 1
First 1
First 2
First 2
Second 0
Second 0
First 1
First 1
First 1
First 1
First 1
First 1
First 2
First 1
First 1
First 1
First 1
First 1
First 1
First 1
First 1
First 1
First 1
First 1
First 1
First 1
First 1
First 1
First 1
First 2
Second 0
First 1
Second 0
First 1
First 1
Second 0
First 1
Second 0
Second 0
Second 0
First 1
First 1
Second 0
First 1
Second 0
First 1
First 2
First 1
First 2
First 1
Second 0
First 1
First 1
First 1
Second 0
Second 0
First 1
